============================================================
DOC-INSIGHT-AI: BASIC SETUP TEST SUITE
============================================================

[TEST 1] Testing imports...
venv\Scripts\python : Traceback (most recent call last):
At line:1 char:1
+ venv\Scripts\python test/test_basic_setup.py > test_output.txt 2>&1 ; ...
+ ~~~~~~~~~~~~~~~~~~~~~~~~~~~~~~~~~~~~~~~~~~~~~~~~~~~~~~~~~~~~~~~~~~~
    + CategoryInfo          : NotSpecified: (Traceback (most recent call last) 
   ::String) [], RemoteException
    + FullyQualifiedErrorId : NativeCommandError
 
  File "D:\Projects\doc-insight-ai\test\test_basic_setup.py", line 22, in 
test_imports
    from schemas.invoice_schema import InvoiceSchema, LineItem, 
InvoiceExtractionResult
  File "D:\Projects\doc-insight-ai\schemas\invoice_schema.py", line 14, in 
<module>
    class InvoiceSchema(BaseModel):
    ...<49 lines>...
                return None
  File "D:\Projects\doc-insight-ai\venv\Lib\site-packages\pydantic\_internal\_m
odel_construction.py", line 255, in __new__
    complete_model_class(
    ~~~~~~~~~~~~~~~~~~~~^
        cls,
        ^^^^
    ...<3 lines>...
        create_model_module=_create_model_module,
        ^^^^^^^^^^^^^^^^^^^^^^^^^^^^^^^^^^^^^^^^^
    )
    ^
  File "D:\Projects\doc-insight-ai\venv\Lib\site-packages\pydantic\_internal\_m
odel_construction.py", line 648, in complete_model_class
    schema = gen_schema.generate_schema(cls)
  File "D:\Projects\doc-insight-ai\venv\Lib\site-packages\pydantic\_internal\_g
enerate_schema.py", line 729, in generate_schema
    schema = self._generate_schema_inner(obj)
  File "D:\Projects\doc-insight-ai\venv\Lib\site-packages\pydantic\_internal\_g
enerate_schema.py", line 1023, in _generate_schema_inner
    return self._model_schema(obj)
           ~~~~~~~~~~~~~~~~~~^^^^^
  File "D:\Projects\doc-insight-ai\venv\Lib\site-packages\pydantic\_internal\_g
enerate_schema.py", line 794, in _model_schema
    check_decorator_fields_exist(
    ~~~~~~~~~~~~~~~~~~~~~~~~~~~~^
        chain(
        ^^^^^^
    ...<4 lines>...
        {*fields.keys(), *computed_fields.keys()},
        ^^^^^^^^^^^^^^^^^^^^^^^^^^^^^^^^^^^^^^^^^^
    )
    ^
  File "D:\Projects\doc-insight-ai\venv\Lib\site-packages\pydantic\_internal\_g
enerate_schema.py", line 233, in check_decorator_fields_exist
    raise PydanticUserError(
    ...<3 lines>...
    )
pydantic.errors.PydanticUserError: Decorators defined with incorrect fields: 
schemas.invoice_schema.InvoiceSchema:2866244625152.clean_number (use 
check_fields=False if you're inheriting from the model and intended this)

For further information visit 
https://errors.pydantic.dev/2.12/u/decorator-missing-field

During handling of the above exception, another exception occurred:

Traceback (most recent call last):
  File "D:\Projects\doc-insight-ai\test\test_basic_setup.py", line 285, in 
<module>
    sys.exit(main())
             ~~~~^^
  File "D:\Projects\doc-insight-ai\test\test_basic_setup.py", line 249, in main
    results.append(("Imports", test_imports()))
                               ~~~~~~~~~~~~^^
  File "D:\Projects\doc-insight-ai\test\test_basic_setup.py", line 25, in 
test_imports
    print(f"\u2717 Failed to import schemas.invoice_schema: {e}")
    ~~~~~^^^^^^^^^^^^^^^^^^^^^^^^^^^^^^^^^^^^^^^^^^^^^^^^^^^
  File "C:\Python313\Lib\encodings\cp1252.py", line 19, in encode
    return codecs.charmap_encode(input,self.errors,encoding_table)[0]
           ~~~~~~~~~~~~~~~~~~~~~^^^^^^^^^^^^^^^^^^^^^^^^^^^^^^^^^^
UnicodeEncodeError: 'charmap' codec can't encode character '\u2717' in 
position 0: character maps to <undefined>
